../Core/Src/main.c:95:6:HAL_GPIO_EXTI_Callback	16	static
../Core/Src/main.c:101:6:calculateRPM	16	static
../Core/Src/main.c:122:5:main	192	static
../Core/Src/main.c:223:6:SystemClock_Config	88	static
../Core/Src/main.c:269:13:MX_ADC1_Init	24	static
../Core/Src/main.c:318:13:MX_CAN1_Init	8	static
../Core/Src/main.c:352:13:MX_TIM2_Init	32	static
../Core/Src/main.c:400:13:MX_GPIO_Init	48	static
../Core/Src/main.c:442:6:StartTask	16	static
../Core/Src/main.c:463:6:StartADCTask	32	static
../Core/Src/main.c:522:6:StartCANTask	80	static
../Core/Src/main.c:582:6:StartEngineTask	16	static
../Core/Src/main.c:600:6:Error_Handler	4	static
