../Core/Src/stm32f4xx_it.c:49:6:NMI_Handler	4	static
../Core/Src/stm32f4xx_it.c:60:6:HardFault_Handler	4	static
../Core/Src/stm32f4xx_it.c:74:6:MemManage_Handler	4	static
../Core/Src/stm32f4xx_it.c:88:6:BusFault_Handler	4	static
../Core/Src/stm32f4xx_it.c:102:6:UsageFault_Handler	4	static
../Core/Src/stm32f4xx_it.c:116:6:DebugMon_Handler	4	static
../Core/Src/stm32f4xx_it.c:127:6:SysTick_Handler	8	static
../Core/Src/stm32f4xx_it.c:154:6:EXTI0_IRQHandler	8	static
../Core/Src/stm32f4xx_it.c:168:6:CAN1_TX_IRQHandler	8	static
../Core/Src/stm32f4xx_it.c:180:6:CAN1_RX0_IRQHandler	8	static
../Core/Src/stm32f4xx_it.c:192:6:TIM2_IRQHandler	8	static
