../Core/Src/main.c:113:5:main	168	static
../Core/Src/main.c:225:6:SystemClock_Config	88	static
../Core/Src/main.c:271:13:MX_ADC1_Init	24	static
../Core/Src/main.c:320:13:MX_CAN1_Init	8	static
../Core/Src/main.c:354:13:MX_I2C1_Init	8	static
../Core/Src/main.c:385:13:MX_GPIO_Init	48	static
../Core/Src/main.c:420:6:Update_Battery_Parameters	16	static
../Core/Src/main.c:443:6:INA219_Init	24	static
../Core/Src/main.c:458:6:INA219_WriteReg	32	static
../Core/Src/main.c:463:10:INA219_ReadReg	32	static
../Core/Src/main.c:470:7:INA219_ReadBusVoltage	16	static
../Core/Src/main.c:475:7:INA219_ReadCurrent	16	static
../Core/Src/main.c:485:7:Read_LM35_Temperature	32	static
../Core/Src/main.c:534:7:Calculate_SOC	24	static
../Core/Src/main.c:572:7:VoltageBased_SOC	16	static
../Core/Src/main.c:584:7:Calculate_SOH	4	static
../Core/Src/main.c:592:6:StartDefaultTask	16	static
../Core/Src/main.c:609:6:StartBatteryMonitorTask	16	static
../Core/Src/main.c:630:6:StartCANTask	80	static
../Core/Src/main.c:708:6:Error_Handler	4	static
